apiVersion: v1
kind: ConfigMap
metadata:
  labels:
    app: bang-bang
    fang: fang
  name: your-config
  namespace: flanging
spec:
  data:
    key: value
